// Jest Snapshot v1, https://goo.gl/fbAQLP

exports[`test HomePage renders HomePage 1`] = `
Array [
  <div>
    <div
      className="call-to-action-inslide"
    >
      <div
        className="call-to-action-contents"
      >
        <h2>
           
          <img
            alt="Magnolia Cake Logo"
            className="logo"
            src="Magnolia_Cake_logo.png"
          />
           Magnolia Cakes & Cupcakes
        </h2>
        <p>
          Delight in unforgettable moments with our exquisite cakes and cupcakes. Order now to experience pure indulgence!
        </p>
        <div
          className="regular-button"
        >
          <button
            className="square-button"
          >
            Get Started
          </button>
        </div>
        <div
          className="mobile-button"
        >
          <button
            className="square-button small"
          >
            Get Started
          </button>
        </div>
      </div>
    </div>
    <div
      className="slide-wrapper"
    >
      <img
        alt="Birthday"
        src="carousel/carousel-birthday.jpg"
      />
    </div>
    <div
      className="slide-wrapper"
    >
      <img
        alt="Wedding & Anniversary"
        src="carousel/carousel-wedding-ann.jpg"
      />
    </div>
  </div>,
  <div
    className="gallery-section-wrapper"
  >
    <h2>
      Cakes for all occasions
    </h2>
    <div
      className="gallery-row"
    >
      <div
        className="gallery-column"
      >
        <div
          className="gallery-grid-item-wrapper"
        >
          <h4>
            Wedding Anniversary
          </h4>
          <div
            className="gallery-lines-group"
          >
            <img
              alt="gold line"
              className="gold-line"
              src="gold-circled-line-left.svg"
            />
            <img
              alt="white line"
              className="white-line"
              src="white-triangle-line-left.svg"
            />
          </div>
          <a
            href="/gallery/wedding-and-anniversary"
          >
            <img
              alt="Wedding & Anniversary"
              className="gallery-img"
              src="wedding-and-ann.jpg"
            />
          </a>
        </div>
        <div
          className="gallery-grid-item-wrapper"
        >
          <h4>
            Christening Communion
          </h4>
          <div
            className="gallery-lines-group"
          >
            <img
              alt="gold line"
              className="gold-line"
              src="gold-circled-line-left.svg"
            />
            <img
              alt="white line"
              className="white-line"
              src="white-triangle-line-left.svg"
            />
          </div>
          <a>
            <img
              alt="Christening & Communion"
              className="gallery-img"
              src="christening-communion.jpg"
            />
          </a>
        </div>
      </div>
      <div
        className="gallery-column"
      >
        <div
          className="gallery-grid-item-wrapper row-reverse"
        >
          <h4>
            Birthday
          </h4>
          <div
            className="gallery-lines-group"
          >
            <img
              alt="gold line"
              className="gold-line"
              src="gold-circled-line-right.svg"
            />
            <img
              alt="white line"
              className="white-line"
              src="white-triangle-line-right.svg"
            />
          </div>
          <a
            href="/gallery/birthday"
          >
            <img
              alt="Birthday"
              className="gallery-img"
              src="birthday.jpg"
            />
          </a>
        </div>
        <div
          className="gallery-grid-item-wrapper row-reverse"
        >
          <h4>
            Cupcakes
          </h4>
          <div
            className="gallery-lines-group"
          >
            <img
              alt="gold line"
              className="gold-line"
              src="gold-circled-line-right.svg"
            />
            <img
              alt="white line"
              className="white-line"
              src="white-triangle-line-right.svg"
            />
          </div>
          <a>
            <img
              alt="Cupcakes"
              className="gallery-img"
              src="cupcakes.jpg"
            />
          </a>
        </div>
      </div>
    </div>
  </div>,
  <div
    className="about-us-section"
  >
    <img
      alt="About Us Portrait"
      className="about-us-portrait"
      src="about-us-portrait.jpg"
    />
    <div
      className="about-us-text"
    >
      <h2>
        About Us
      </h2>
      <p>
        Lorem ipsum dolor sit amet, consectetur adipiscing elit. In at rutrum massa. Aliquam faucibus id lacus nec hendrerit. Nunc ac justo eget nibh lobortis pellentesque id eget sapien. In id placerat dui. Vestibulum sollicitudin turpis magna, vel convallis mi dictum in. Pellentesque consequat suscipit velit. Pellentesque vestibulum dui tellus, non vehicula erat efficitur nec. Nunc ullamcorper eu metus a sodales. Integer vitae bibendum ligula.
      </p>
      <button
        className="square-button unfilled"
        onClick={[Function]}
      >
        Read More
      </button>
    </div>
  </div>,
  <div
    className="location-page-wrapper"
  >
    <div
      className="location-info"
    >
      <h2>
        Where to find us?
      </h2>
      <p>
        Melbourne
        <br />
        VIC 3752
      </p>
      <h2>
        Business Hours
      </h2>
      <p>
        Monday - Sunday
        <br />
        9:00 am - 18:00 pm
      </p>
    </div>
  </div>,
]
`;
